<testsuites id="" name="" tests="5" failures="0" skipped="0" errors="0" time="1.394335">
<testsuite name="tests/averageConversionRate.test.ts" timestamp="2023-10-16T19:27:16.198Z" hostname="" tests="5" failures="0" skipped="0" time="1.991" errors="0">
<testcase name="/valet/observations/ should find the average Forex conversion rate &quot;CAD to AUD&quot; for the recent 10 weeks" classname="tests/averageConversionRate.test.ts" time="0.318">
<system-out>
<![CDATA[The average Forex conversion rate "CAD to AUD" for the recent 10 weeks is 1.148376086956522
]]>
</system-out>
</testcase>
<testcase name="/valet/observations/ should not throw error on missing number of weeks parameter" classname="tests/averageConversionRate.test.ts" time="0.362">
</testcase>
<testcase name="/valet/observations/ should throw 404 error when passing invalid series name parameter" classname="tests/averageConversionRate.test.ts" time="0.354">
</testcase>
<testcase name="/valet/observations/ should throw 400 error when passing string parameter into number of weeks" classname="tests/averageConversionRate.test.ts" time="0.656">
</testcase>
<testcase name="/valet/observations/ should throw 400 error when passing recent value that is less than one" classname="tests/averageConversionRate.test.ts" time="0.301">
</testcase>
</testsuite>
</testsuites>